Erreurÿ: Syntaxe incorrecte. L'option par d‚faut n'est pas autoris‚e plus de 1 fois.
Entrez "TIMEOUT /?" pour afficher la syntaxe.
